20
0,1,2,4
0,1,2,9
0,1,2,10
0,1,3,4
0,1,4,5
0,1,4,9
0,1,4,10
0,1,5,9
0,1,5,10
0,1,9,11
0,1,10,11
1,2,3,5,6,9,12
1,2,3,5,6,10,12
1,2,3,5,7,9,12
1,2,3,5,7,10,12
1,2,3,6,9,13
1,2,3,6,9,14
1,2,3,6,10,13
1,2,3,6,10,14
1,2,3,7,9,13
1,2,3,7,9,14
1,2,3,7,10,13
1,2,3,7,10,14
1,2,3,9,12,13
1,2,3,9,12,14
1,2,3,10,12,13
1,2,3,10,12,14
1,2,4,5
1,2,4,13
1,2,4,14
1,2,5,9,13
1,2,5,9,14
1,2,5,10,13
1,2,5,10,14
1,2,6,9,12,13
1,2,6,9,12,14
1,2,6,10,12,13
1,2,6,10,12,14
1,2,7,9,12,13
1,2,7,9,12,14
1,2,7,10,12,13
1,2,7,10,12,14
1,3,4,5,6
1,3,4,5,7
1,3,4,5,12
1,3,4,6,13
1,3,4,6,14
1,3,4,7,13
1,3,4,7,14
1,3,4,9,13
1,3,4,9,14
1,3,4,10,13
1,3,4,10,14
1,3,4,12,13
1,3,4,12,14
1,4,5,13
1,4,5,14
1,4,6,9,12,13
1,4,6,9,12,14
1,4,6,10,12,13
1,4,6,10,12,14
1,4,7,9,12,13
1,4,7,9,12,14
1,4,7,10,12,13
1,4,7,10,12,14
1,5,6,9,12,13
1,5,6,9,12,14
1,5,6,10,12,13
1,5,6,10,12,14
1,5,7,9,12,13
1,5,7,9,12,14
1,5,7,10,12,13
1,5,7,10,12,14
1,6,9,11,12,13
1,6,9,11,12,14
1,6,10,11,12,13
1,6,10,11,12,14
1,7,9,11,12,13
1,7,9,11,12,14
1,7,10,11,12,13
1,7,10,11,12,14
