20
0,1,2,3,17,18
0,1,2,6,14,18
0,1,3,9,16
0,1,3,17,18,19
0,1,4,5,8,11,14
0,1,4,9,16
0,1,6,8,14,18
0,1,6,9,16
0,1,7,9,16
0,1,8,16
0,1,9,16,19
0,2,3,4,6,16,18
0,2,3,4,7,11,16,18
0,2,3,4,8,16,18
0,2,3,4,16,18,19
0,2,3,6,9,14,15,17,18
0,2,3,7,16,17,18
0,2,3,8,16,17,18
0,2,3,9,12,14,15,17,18
0,2,3,9,16,17,18
0,2,7,14,16,18
0,2,8,14,16,18
0,2,9,14,16,18
0,3,4,5,10,16,18
0,3,4,6,7,16,18
0,3,4,6,8,16,18
0,3,4,6,10,16,18
0,3,4,7,10,16,18
0,3,4,7,16,18,19
0,3,4,10,11,16,18
0,3,4,10,12,13,16,18
0,3,4,10,16,18,19
0,3,4,11,16,18,19
0,3,5,14,15,17,18,19
0,3,6,8,14,15,17,18
0,3,6,14,15,17,18,19
0,3,7,10,16,17,18
0,3,7,11,16,17,18
0,3,7,12,16,17,18
0,3,7,13,16,17,18
0,3,7,14,15,17,18,19
0,3,7,15,16,18
0,3,8,12,14,15,17,18
0,3,8,15,16,18
0,3,9,15,16,18
0,3,10,11,16,17,18
0,3,10,12,16,17,18
0,3,10,15,16,18
0,3,11,14,15,17,18,19
0,3,12,14,15,17,18,19
0,3,15,16,18,19
0,3,16,17,18,19
0,4,6,15,16,17,18
0,4,7,15,16,17,18
0,4,8,15,16,17,18
0,4,9,15,16,17,18
0,6,15,16,17,18,19
0,7,10,14,16,18
0,7,11,14,16,18
0,7,12,14,16,18
0,7,13,14,16,18
0,7,14,15,16,18
0,7,15,16,17,18,19
0,8,10,14,16,18
0,8,11,14,16,18
0,8,12,14,16,18
0,8,13,14,16,18
0,8,14,15,16,18
0,8,15,16,17,18,19
0,9,10,14,16,18
0,9,11,14,16,18
0,9,12,14,16,18
0,9,13,14,16,18
0,9,14,15,16,18
0,9,15,16,17,18,19
0,10,11,14,16,18
0,10,12,14,16,18
0,10,14,15,16,18
0,10,15,16,17,18
0,11,15,16,17,18,19
0,12,15,16,17,18,19
0,13,15,16,17,18,19
0,14,16,18,19
1,2,3,5,17,18
1,2,3,6,17,18
1,2,3,8,17,18
1,2,3,9,17,18
1,2,3,11,17,18
1,2,3,12,17,18
1,2,3,13,17,18
1,2,4,5,6,10,14,19
1,2,4,5,9,14
1,2,4,5,10,11,14,19
1,2,5,14,18
1,2,6,9,14,18
1,3,4,5,9,14
1,3,5,6,9,14
1,3,5,7,9,14
1,3,5,8,9,14
1,3,5,8,10,14
1,3,5,8,11,14
1,3,5,9,14,19
1,3,5,10,14,19
1,3,5,11,14,19
1,3,5,14,18
1,3,5,17,18,19
1,3,6,14,18
1,3,6,17,18,19
1,3,7,17,18
1,3,8,17,18,19
1,3,9,12,16
1,3,9,13,16
1,3,9,17,18,19
1,3,10,17,18
1,3,11,17,18,19
1,3,12,17,18,19
1,3,13,17,18,19
1,3,14,15
1,3,14,17,18
1,3,15,17
1,4,5,6,8,10,14
1,4,5,6,8,11,14
1,4,5,8,9,14
1,4,5,8,10,11,14
1,4,5,8,11,13,14
1,4,9,12,16
1,4,9,13,16
1,5,8,14,18
1,5,8,16
1,5,9,16
1,5,14,15
1,5,14,17
1,6,8,9,14,18
1,6,9,12,16
1,6,9,13,16
1,6,14,15
1,6,14,17,18
1,7,9,12,16
1,7,9,13,16
1,7,14,15
1,7,14,17,18
1,8,11,16
1,8,12,16
1,8,13,16
1,8,14,15
1,8,14,17,18
1,9,11,16
1,9,12,16,19
1,9,13,16,19
1,9,14,15
1,9,14,17,18
1,10,14,15
1,10,14,17,18
1,11,14,15
1,11,14,17,18
1,12,14,15
1,12,14,17,18
1,13,14,15
1,13,14,17,18
1,14,16
1,15,16
1,16,17
1,16,18
2,3,4,5,16,18,19
2,3,4,6,9,14,15,17,18
2,3,4,6,16,18,19
2,3,4,7,8,9,16,18
2,3,4,7,16,17,18
2,3,4,8,9,12,16,18
2,3,4,8,11,16,18
2,3,4,8,13,16,18
2,3,4,9,11,16,18
2,3,4,9,12,14,15,17,18
2,3,6,9,10,14,15,17,18
2,3,7,8,16,17,18
2,3,7,9,14,15,17,18
2,3,7,9,16,17,18
2,3,7,14,16,18
2,3,9,10,12,14,15,17,18
2,3,9,11,14,15,17,18
2,4,5,12,16,18,19
2,7,14,16,17,18
3,4,5,7,11,16,18
3,4,5,10,11,16,18
3,4,5,10,16,18,19
3,4,5,11,16,18,19
3,4,6,7,16,18,19
3,4,6,8,13,16,18
3,4,6,8,14,15,17,18
3,4,6,9,16,18
3,4,6,10,16,18,19
3,4,6,11,16,18
3,4,6,14,15,17,18,19
3,4,7,10,16,17,18
3,4,7,11,16,17,18
3,4,7,12,16,17,18
3,4,7,13,16,17,18
3,4,7,15,16,18
3,4,7,16,17,18,19
3,4,8,10,16,18
3,4,8,12,14,15,17,18
3,4,8,16,18,19
3,4,9,10,16,18
3,4,9,12,14,15,17,18,19
3,4,9,16,18,19
3,4,10,11,16,17,18
3,4,10,12,16,17,18
3,4,10,15,16,18
3,4,10,16,17,18,19
3,4,11,15,16,18,19
3,4,11,16,17,18,19
3,4,12,15,16,18,19
3,4,12,16,17,18,19
3,4,13,15,16,18,19
3,4,13,16,17,18,19
3,5,6,14,15,17,18,19
3,5,7,15,16,18
3,5,7,16,17,18
3,5,8,14,15,17,18
3,5,8,15,16,18
3,5,8,16,17,18
3,5,9,14,15,17,18
3,5,9,15,16,18
3,5,9,16,17,18
3,5,10,14,15,17,18,19
3,5,10,15,16,18
3,5,10,16,17,18
3,6,7,14,15,17,18,19
3,6,8,10,14,15,17,18
3,6,10,14,15,17,18,19
3,6,11,14,15,17,18,19
3,6,15,16,18
3,6,16,17,18
3,7,8,14,15,17,18
3,7,8,15,16,18
3,7,9,14,15,17,18,19
3,7,9,15,16,18
3,7,10,14,15,17,18,19
3,7,10,14,16,18
3,7,11,14,16,18
3,7,12,14,16,18
3,7,13,14,16,18
3,7,14,15,16,18
3,8,10,12,14,15,17,18
3,8,10,14,16,18
3,8,10,15,16,18
3,8,10,16,17,18
3,8,11,14,15,17,18
3,8,11,14,16,18
3,8,11,15,16,18
3,8,11,16,17,18
3,8,12,14,16,18
3,8,12,15,16,18
3,8,12,16,17,18
3,8,13,14,16,18
3,8,13,15,16,18
3,8,13,16,17,18
3,8,15,16,18,19
3,8,16,17,18,19
3,9,10,14,16,18
3,9,10,15,16,18
3,9,10,16,17,18
3,9,11,14,15,17,18,19
3,9,11,14,16,18
3,9,11,15,16,18
3,9,11,16,17,18
3,9,12,14,16,18
3,9,12,15,16,18
3,9,12,16,17,18
3,9,13,14,16,18
3,9,13,15,16,18
3,9,13,16,17,18
3,9,15,16,18,19
3,9,16,17,18,19
3,10,11,14,15,17,18,19
3,10,11,14,16,18
3,10,12,14,15,17,18,19
3,10,12,14,16,18
3,10,14,15,16,18
4,5,6,9,16,18
4,5,6,15,16,18
4,5,7,15,16,18
4,5,7,16,18,19
4,5,8,16,18
4,5,9,10,16,18
4,5,9,11,16,18
4,5,9,15,16,18
4,5,9,16,17,18
4,5,9,16,18,19
4,5,10,12,16,18,19
4,5,10,15,16,18
4,5,11,12,16,18,19
4,6,7,15,16,17,18
4,6,11,15,16,17,18
4,7,8,15,16,17,18
4,7,9,15,16,17,18
4,7,11,15,16,17,18
4,7,15,16,17,18,19
4,8,11,15,16,17,18
4,9,11,15,16,17,18
4,10,11,15,16,17,18
4,10,15,16,17,18,19
4,11,15,16,17,18,19
5,7,14,16,18
5,8,10,15,16,18
5,8,10,16,17,18
5,8,14,16,18
5,9,10,15,16,18
5,9,10,16,17,18
5,9,14,16,18
5,10,14,16,18
5,10,15,16,17,18
5,14,16,18,19
5,15,16,18,19
5,16,17,18,19
6,7,15,16,17,18,19
6,10,15,16,17,18
6,11,15,16,17,18,19
6,14,16,18
7,8,15,16,17,18,19
7,9,15,16,17,18,19
7,10,14,16,17,18
7,11,14,16,17,18
7,12,14,16,17,18
7,13,14,16,17,18
7,14,15,16,17,18
7,14,16,18,19
8,10,14,16,17,18
8,10,15,16,17,18
8,11,14,16,17,18
8,11,15,16,17,18,19
8,12,14,16,17,18
8,13,14,16,17,18
8,14,16,18,19
9,10,14,16,17,18
9,10,15,16,17,18
9,11,14,16,17,18
9,11,15,16,17,18,19
9,12,14,16,17,18
9,13,14,16,17,18
9,14,16,18,19
10,11,14,16,17,18
10,12,14,16,17,18
10,14,15,16,17,18
10,14,16,18,19
11,14,16,18,19
12,14,16,18,19
13,14,16,18,19
