40
0
1
2,3,8,12,15,23,25,36
2,3,8,12,15,25,35,36
2,3,8,12,17,25,36
2,3,8,12,18,25,36
2,3,8,12,20
2,3,8,12,21,23,25,36
2,3,8,12,21,25,35,36
2,3,8,12,23,24,25,36
2,3,8,12,23,25,33,36
2,3,8,12,24,25,35,36
2,3,8,12,25,33,35,36
2,3,8,13,20
2,3,9,12
2,5,8,12,15,19,25,35,36
2,5,8,12,15,22,25,35,36
2,5,8,12,15,23,25,36
2,5,8,12,17,25,36
2,5,8,12,18,25,36
2,5,8,12,19,21,25,35,36
2,5,8,12,19,24,25,35,36
2,5,8,12,20
2,5,8,12,21,22,25,35,36
2,5,8,12,21,23,25,36
2,5,8,12,22,24,25,35,36
2,5,8,12,23,24,25,36
2,5,8,12,23,25,33,36
2,5,8,12,25,33,35,36
2,5,8,13,20
2,7,13,36
2,7,13,37
2,8,12,16
2,8,13,16,20
2,9,12,19
2,9,12,23
2,9,12,24
2,9,12,29
2,9,12,33
2,9,12,37
2,9,13,23
2,9,13,36
2,9,13,37
2,10,13,36
2,10,13,37
3,5,8,12,15,23,25,27,36
3,5,8,12,15,25,26,35,36
3,5,8,12,15,25,27,35,36
3,5,8,12,17,25,27,36
3,5,8,12,18,25,27,36
3,5,8,12,19,21,25,27,35,36
3,5,8,12,21,22,25,27,35,36
3,5,8,12,21,23,25,27,36
3,5,9,12
3,7,13,14,37
3,8,11,12,15,23,25,36
3,8,11,12,15,25,35,36
3,8,11,12,16
3,8,11,12,17,25,36
3,8,11,12,18,25,36
3,8,11,12,20
3,8,11,12,21,23,25,36
3,8,11,12,21,25,35,36
3,8,11,12,23,24,25,36
3,8,11,12,23,25,33,36
3,8,11,12,24,25,35,36
3,8,11,12,25,33,35,36
3,8,11,13,20
3,8,12,15,24,25,26,35,36
3,8,12,15,24,25,27,35,36
3,8,12,16,24,26
3,8,12,16,24,27
3,8,12,16,25,26
3,8,12,16,25,27
3,8,12,16,26,35
3,8,12,16,26,36
3,8,12,16,27,35
3,8,12,16,27,36
3,8,12,17,24,25,26,36
3,8,12,17,24,25,27,36
3,8,12,18,24,25,26,36
3,8,12,18,24,25,27,36
3,8,12,19,24,25,26,35,36
3,8,12,19,24,25,27,35,36
3,8,12,20,26
3,8,12,20,27
3,8,12,22,24,25,26,35,36
3,8,12,22,24,25,27,35,36
3,8,12,23,24,25,26,36
3,8,12,23,24,25,27,36
3,8,12,24,25,26,33,35,36
3,8,12,24,25,27,33,35,36
3,8,13,20,24,27
3,8,13,20,26
3,9,11,12
3,9,11,13
3,9,12,15
3,9,12,23
3,9,12,35
3,9,12,37
3,9,12,39
3,9,13,14,37
3,9,13,23
3,10,13,14,37
5,7,13,14,37
5,8,11,12,15,19,25,35,36
5,8,11,12,15,22,25,35,36
5,8,11,12,15,23,25,36
5,8,11,12,17,25,36
5,8,11,12,18,25,36
5,8,11,12,19,21,25,35,36
5,8,11,12,19,24,25,35,36
5,8,11,12,20
5,8,11,12,21,22,25,35,36
5,8,11,12,21,23,25,36
5,8,11,12,22,24,25,35,36
5,8,11,12,23,24,25,36
5,8,11,12,23,25,33,36
5,8,11,12,25,33,35,36
5,8,11,13,20
5,8,12,15,19,25,26,35,36
5,8,12,15,22,25,26,35,36
5,8,12,15,23,25,26,36
5,8,12,17,24,25,27,36
5,8,12,17,25,26,36
5,8,12,17,25,27,33,36
5,8,12,18,24,25,27,36
5,8,12,18,25,26,36
5,8,12,18,25,27,33,36
5,8,12,19,21,25,26,35,36
5,8,12,19,24,25,26,35,36
5,8,12,19,24,25,27,35,36
5,8,12,20,24,27
5,8,12,20,26
5,8,12,20,27,33
5,8,12,21,22,25,26,35,36
5,8,12,21,23,25,26,36
5,8,12,22,24,25,26,35,36
5,8,12,22,24,25,27,35,36
5,8,12,23,24,25,26,36
5,8,12,23,24,25,27,36
5,8,12,23,25,26,33,36
5,8,12,23,25,27,33,36
5,8,12,25,26,33,35,36
5,8,12,25,27,33,35,36
5,8,13,20,22,24,27
5,8,13,20,22,26
5,8,13,20,24,25,27
5,8,13,20,25,26
5,9,12,15,19,38
5,9,12,15,19,39
5,9,12,15,23,38
5,9,12,15,23,39
5,9,12,19,28,34
5,9,12,19,28,39
5,9,12,19,30,34
5,9,12,23,28,39
5,9,12,24
5,9,12,29
5,9,12,33
5,9,13,14,37
5,9,13,15,23,38
5,9,13,15,23,39
5,9,13,23,28,39
5,10,13,14,37
7,11,13
7,12
7,13,14,34,37
7,13,14,35,37
7,13,14,36
7,13,16
7,13,17
7,13,18
7,13,20
7,13,23
8,9,11,13
8,9,12
8,9,13,23
8,11,12,16,20
8,11,12,16,35
8,11,12,16,36
8,11,12,16,37
8,11,13,16,20
8,12,16,20,26
8,12,16,20,27
8,12,16,24,26,35
8,12,16,24,26,36
8,12,16,24,26,37
8,12,16,24,27,35
8,12,16,24,27,36
8,12,16,24,27,37
8,12,16,25,26,35
8,12,16,25,26,36
8,12,16,25,26,37
8,12,16,25,27,35
8,12,16,25,27,36
8,12,16,25,27,37
8,12,16,26,29,35
8,12,16,26,29,36
8,12,16,27,29,35
8,12,16,27,29,36
8,13,16,20,24,27
8,13,16,20,26
9,11,12,19
9,11,12,23
9,11,12,24
9,11,12,29
9,11,12,33
9,11,12,37
9,11,13,14
9,11,13,19
9,11,13,23
9,11,13,24
9,11,13,25
9,11,13,26
9,11,13,27
9,11,13,29
9,11,13,33
9,11,13,36
9,11,13,37
9,12,15,19,21
9,12,15,19,30,38
9,12,15,19,32,38
9,12,15,19,32,39
9,12,15,19,34
9,12,15,21,23
9,12,15,23,30,38
9,12,15,23,32,38
9,12,15,23,32,39
9,12,15,23,34
9,12,15,24
9,12,15,29
9,12,15,33
9,12,15,37
9,12,16
9,12,17
9,12,18
9,12,19,21,28,39
9,12,19,28,32,39
9,12,19,28,34,39
9,12,19,30,39
9,12,19,35
9,12,20
9,12,21,23,28,39
9,12,23,24
9,12,23,28,32,39
9,12,23,28,34
9,12,23,29
9,12,23,30,34
9,12,23,30,39
9,12,23,33
9,12,23,35
9,12,24,35
9,12,24,37
9,12,24,39
9,12,25
9,12,26
9,12,27
9,12,28,37
9,12,29,35
9,12,29,37
9,12,29,39
9,12,30,37
9,12,33,35
9,12,33,37
9,12,33,39
9,12,35,37
9,12,36
9,13,14,23
9,13,14,34,37
9,13,14,35,37
9,13,14,36
9,13,15,21,23
9,13,15,23,30,38
9,13,15,23,32,38
9,13,15,23,32,39
9,13,15,23,34
9,13,15,23,37
9,13,16
9,13,17
9,13,18
9,13,20
9,13,21,23,28,39
9,13,23,24
9,13,23,25
9,13,23,26
9,13,23,27
9,13,23,28,32,39
9,13,23,28,34
9,13,23,28,37
9,13,23,29
9,13,23,30,34
9,13,23,30,37
9,13,23,30,39
9,13,23,33
9,13,23,35
9,13,23,36
10,11,13
10,12
10,13,14,34,37
10,13,14,35,37
10,13,14,36
10,13,16
10,13,17
10,13,18
10,13,20
10,13,23
12,14
13,14,16
13,14,20
