enumhyp environment activated
GCC:   gcc (Spack GCC) 14.2.0
CMake: cmake version 3.30.9
Make:  GNU Make 4.4.1
MPI:   mpirun (Open MPI) 5.0.5
Boost: 1.86.0
=================================================
EnumHyp sequential benchmark
=================================================
Job ID:          552058
Node:            alma01
MPI ranks:       16
CPUs on node:    32
Memory requested: 120 GB
Graphs:          12
=================================================

CPU information:
CPU(s):              32
On-line CPU(s) list: 0-31
Thread(s) per core:  2
Core(s) per socket:  8
Socket(s):           2
Model name:          Intel(R) Xeon(R) CPU E5-2650 0 @ 2.00GHz
NUMA node0 CPU(s):   0-7,16-23
NUMA node1 CPU(s):   8-15,24-31

Memory before experiments:
              total        used        free      shared  buff/cache   available
Mem:          125Gi       1.6Gi        52Gi       1.1Gi        71Gi       121Gi
Swap:         4.0Gi       467Mi       3.5Gi


=================================================
Starting: abalone.graph
Time:     Tue Aug 18 10:54:35 CEST 2026
Output:   /home/rali/enumhyp/result/abalone_MPI.out
=================================================

Finished: abalone.graph
Status:   SUCCESS
Runtime:  1.045948 seconds
Output:   260 bytes

=================================================
Starting: amalgam1.graph
Time:     Tue Aug 18 10:54:37 CEST 2026
Output:   /home/rali/enumhyp/result/amalgam1_MPI.out
=================================================

Finished: amalgam1.graph
Status:   SUCCESS
Runtime:  1.013230 seconds
Output:   5 bytes

=================================================
Starting: call_a_bike.graph
Time:     Tue Aug 18 10:54:38 CEST 2026
Output:   /home/rali/enumhyp/result/call_a_bike_MPI.out
=================================================

Finished: call_a_bike.graph
Status:   SUCCESS
Runtime:  1.037777 seconds
Output:   143 bytes

=================================================
Starting: civil_service.graph
Time:     Tue Aug 18 10:54:39 CEST 2026
Output:   /home/rali/enumhyp/result/civil_service_MPI.out
=================================================

Finished: civil_service.graph
Status:   SUCCESS
Runtime:  1.050615 seconds
Output:   1032 bytes

=================================================
Starting: echocardiogram.graph
Time:     Tue Aug 18 10:54:40 CEST 2026
Output:   /home/rali/enumhyp/result/echocardiogram_MPI.out
=================================================

Finished: echocardiogram.graph
Status:   SUCCESS
Runtime:  0.979807 seconds
Output:   545 bytes

=================================================
Starting: fd_reduced_15.graph
Time:     Tue Aug 18 10:54:42 CEST 2026
Output:   /home/rali/enumhyp/result/fd_reduced_15_MPI.out
=================================================

Finished: fd_reduced_15.graph
Status:   SUCCESS
Runtime:  1.041672 seconds
Output:   2913 bytes

=================================================
Starting: fd_reduced_30.graph
Time:     Tue Aug 18 10:54:43 CEST 2026
Output:   /home/rali/enumhyp/result/fd_reduced_30_MPI.out
=================================================

Finished: fd_reduced_30.graph
Status:   SUCCESS
Runtime:  1.040781 seconds
Output:   27343 bytes

=================================================
Starting: flight_1k.graph
Time:     Tue Aug 18 10:54:44 CEST 2026
Output:   /home/rali/enumhyp/result/flight_1k_MPI.out
=================================================

Finished: flight_1k.graph
Status:   SUCCESS
Runtime:  3.662975 seconds
Output:   446798 bytes

=================================================
Starting: hepatitis.graph
Time:     Tue Aug 18 10:54:48 CEST 2026
Output:   /home/rali/enumhyp/result/hepatitis_MPI.out
=================================================

Finished: hepatitis.graph
Status:   SUCCESS
Runtime:  1.078668 seconds
Output:   5606 bytes

=================================================
Starting: horse.graph
Time:     Tue Aug 18 10:54:49 CEST 2026
Output:   /home/rali/enumhyp/result/horse_MPI.out
=================================================

Finished: horse.graph
Status:   SUCCESS
Runtime:  1.131978 seconds
Output:   5522 bytes

=================================================
Starting: ncvoter_allc.graph
Time:     Tue Aug 18 10:54:51 CEST 2026
Output:   /home/rali/enumhyp/result/ncvoter_allc_MPI.out
=================================================
