enumhyp environment activated
GCC:   gcc (Spack GCC) 14.2.0
CMake: cmake version 3.30.9
Make:  GNU Make 4.4.1
MPI:   mpirun (Open MPI) 5.0.5
Job ID:       552047
Node:         alma01
MPI tasks:    8
Executable:   /home/rali/enumhyp/build/bin/enumhyp
Input:        /home/rali/enumhyp/data/call_a_bike_diffsets.graph
Output:       /home/rali/enumhyp/result/call_a_bike.out
Started:      Fri Jul 31 20:57:06 CEST 2026
graph,legacy_running_time_ns
graph,legacy_running_time_ns
graph,legacy_running_time_ns
graph,legacy_running_time_ns
graph,legacy_running_time_ns
graph,legacy_running_time_ns
graph,legacy_running_time_ns
graph,legacy_running_time_ns
