30
0,1,2
1,2,3
2,3,4
3,4,5
4,5,6
1,3,4
5,6,7
2,3,5
0,2,3
2,4,5
0,1,3
1,2,4
4,5,7
3,4,7
4,6,7
1,4,5
6,7,8
5,7,8
1,2,5
0,1,4
3,4,8
4,5,8
6,7,9
1,4,6
5,7,9
4,6,8
3,5,7
7,8,9
2,3,7
0,1,5
1,2,6
1,4,7
6,7,10
8,9,10
7,8,10
2,3,8
5,8,9
0,1,6
1,2,7
3,5,8
4,6,9
4,5,9
2,3,9
5,7,10
7,8,11
5,8,10
6,7,11
3,5,9
8,9,11
1,2,8
1,4,8
0,1,7
4,5,10
5,7,11
8,10,11
4,6,10
5,9,10
5,8,11
1,2,9
6,7,12
1,4,9
3,5,10
5,7,12
8,10,12
8,9,12
4,5,11
5,8,12
1,2,10
5,9,11
1,4,10
4,6,11
5,8,13
8,11,12
8,9,13
3,5,11
4,5,12
8,10,13
0,1,8
1,4,11
3,5,12
8,10,14
8,9,14
8,11,13
0,1,9
5,8,14
4,6,12
5,7,14
4,5,13
6,7,14
5,9,12
1,4,12
3,5,13
8,11,14
5,10,11
4,6,13
5,7,15
8,12,13
5,9,13
1,4,13
6,7,15
3,5,14
8,11,15
4,5,14
0,1,10
5,8,15
5,10,12
5,9,14
1,4,14
6,7,16
8,11,16
3,5,15
4,5,15
0,1,11
5,10,13
5,8,16
5,7,16
5,9,15
1,4,15
8,12,14
4,5,16
5,10,14
3,5,16
5,8,17
1,4,16
8,12,15
0,1,13
8,13,15
5,9,16
3,5,17
8,11,17
5,10,15
1,4,17
5,8,18
4,5,17
5,7,18
3,5,18
8,11,18
5,8,19
8,14,15
8,13,16
1,4,18
5,10,16
6,7,18
5,9,17
4,5,18
0,1,14
8,11,19
3,5,19
5,8,20
8,14,16
8,13,17
4,5,19
5,10,17
6,7,19
0,1,15
5,9,18
1,4,19
3,5,20
8,11,20
8,13,18
5,8,21
4,5,20
1,4,20
5,9,19
3,5,21
8,11,21
8,14,17
5,10,19
5,8,22
0,1,17
4,5,21
3,5,22
5,9,20
8,11,22
6,7,21
8,14,18
8,15,16
5,8,23
5,10,20
4,5,22
0,1,18
1,4,21
8,11,23
8,15,17
5,8,24
6,7,22
3,5,23
5,9,21
8,14,19
1,4,22
5,10,21
8,11,24
5,8,25
8,15,18
5,9,22
5,10,22
8,16,17
3,5,24
5,11,12
1,4,23
0,1,20
8,11,25
8,15,19
5,8,26
5,10,23
5,9,23
5,11,13
8,11,26
1,4,24
0,1,21
3,5,25
8,16,18
8,14,20
5,10,24
5,8,27
5,11,14
5,9,24
1,4,25
5,12,13
3,5,26
8,17,18
8,14,21
5,8,28
5,11,15
1,4,26
5,9,25
3,5,27
5,12,14
5,10,26
8,14,22
5,11,16
5,8,29
8,17,19
3,5,28
5,12,15
8,16,20
5,9,26
5,10,27
8,14,23
8,17,20
8,18,19
5,9,27
5,10,28
5,13,15
8,16,21
3,5,29
8,14,24
5,11,17
5,12,17
8,17,21
1,4,27
8,18,20
5,9,28
5,13,16
5,14,15
5,11,18
8,14,25
8,19,20
8,17,22
5,9,29
5,13,17
5,11,19
5,14,16
8,16,23
8,17,23
8,14,26
8,19,21
1,4,28
8,18,21
5,12,18
5,13,18
5,15,16
8,17,24
5,14,17
5,11,20
8,20,21
8,14,27
5,10,29
1,4,29
8,17,25
5,15,17
5,14,18
5,13,19
8,16,25
5,11,21
8,14,28
8,18,22
8,20,22
5,16,17
5,13,20
5,11,22
5,12,20
8,16,26
5,15,18
5,13,21
8,17,26
5,14,19
8,18,23
5,16,18
8,20,23
8,16,27
5,12,21
5,15,19
5,14,20
8,19,23
8,17,27
5,11,23
8,18,24
8,20,24
8,16,28
5,13,22
5,17,18
5,11,24
8,17,28
5,16,20
5,17,19
5,13,23
8,16,29
8,20,25
8,19,25
5,12,23
5,11,25
8,18,26
5,16,21
5,14,21
5,17,20
8,17,29
8,19,26
5,11,26
5,18,19
8,20,26
5,13,24
5,14,22
8,18,27
8,19,27
5,12,25
5,17,21
5,13,25
5,11,27
5,14,23
8,20,27
5,18,20
8,18,28
5,15,20
8,19,28
5,17,22
5,13,26
5,11,28
5,16,23
5,18,21
8,19,29
5,15,21
8,18,29
8,20,28
5,14,24
5,19,20
5,17,23
5,13,27
5,18,22
5,12,26
8,20,29
5,19,21
8,21,22
5,14,25
5,18,23
5,12,27
5,16,25
5,13,28
5,17,24
5,14,26
8,21,23
5,15,22
5,12,28
5,11,29
5,16,26
5,19,23
5,17,25
5,13,29
8,21,24
5,14,27
5,12,29
5,15,23
5,18,24
8,22,23
5,16,27
5,17,26
8,11,27
5,14,28
0,1,23
8,21,25
5,15,24
8,11,28
5,16,28
5,19,25
5,17,27
5,20,21
8,21,26
8,23,24
5,16,29
8,22,25
5,19,26
5,17,28
5,20,22
8,11,29
0,1,25
5,15,25
8,21,27
8,22,26
8,23,25
5,17,29
5,20,23
5,15,26
5,19,27
5,21,22
8,21,28
0,1,26
8,22,27
8,23,26
5,20,24
5,19,28
8,24,25
5,15,27
8,21,29
8,23,27
8,22,28
0,1,27
5,19,29
8,24,26
5,21,23
5,20,25
5,15,28
5,18,26
8,23,28
0,1,28
5,22,23
8,24,27
5,20,26
5,21,24
5,15,29
5,18,27
8,22,29
8,23,29
0,1,29
8,24,28
5,20,27
8,25,26
5,21,25
5,22,25
8,25,27
8,24,29
5,20,28
5,21,26
5,18,28
8,15,20
5,23,24
6,7,23
8,25,28
5,21,27
5,20,29
5,18,29
8,15,21
5,23,25
6,7,24
8,26,27
5,22,26
8,25,29
5,21,28
5,23,26
6,7,25
8,15,22
4,5,23
5,22,27
8,26,28
8,13,19
5,7,19
5,21,29
5,24,25
5,22,28
4,5,24
8,26,29
8,13,20
8,15,23
6,7,26
8,27,28
5,24,26
5,23,27
4,5,25
8,13,21
5,7,21
6,7,27
5,24,27
8,27,29
5,22,29
5,23,28
8,15,24
8,13,22
4,5,26
5,25,26
5,24,28
5,23,29
8,12,17
8,28,29
8,15,25
8,13,23
5,25,27
4,5,27
5,7,22
5,24,29
8,15,26
8,12,18
5,25,28
8,13,24
5,7,23
4,5,28
6,7,28
5,26,27
4,6,14
5,26,28
8,13,25
8,15,27
6,7,29
4,5,29
5,7,24
5,25,29
5,27,28
5,26,29
8,15,28
8,12,20
5,7,25
8,13,26
8,9,15
8,10,15
1,2,11
4,6,15
7,8,12
5,27,29
8,12,21
5,7,26
8,9,16
8,10,16
1,2,12
4,6,16
8,15,29
8,13,27
2,3,10
5,7,27
8,9,17
8,10,17
1,2,13
4,6,17
8,13,28
5,7,28
8,12,23
2,3,11
7,8,14
3,4,9
8,9,18
4,6,18
1,2,14
5,28,29
5,7,29
8,13,29
2,3,12
4,6,19
8,9,19
3,4,10
1,2,15
7,8,15
8,10,19
2,3,13
8,9,20
4,6,20
1,2,16
8,10,20
8,12,25
7,8,16
3,4,11
2,3,14
8,9,21
4,6,21
8,12,26
1,2,17
3,4,12
8,9,22
4,6,22
2,3,15
8,12,27
8,10,21
3,4,13
2,3,16
7,9,10
9,10,11
8,12,28
8,10,22
10,11,12
3,4,14
6,8,9
1,5,6
8,10,23
3,4,15
10,11,13
11,12,13
6,8,10
1,5,7
8,12,29
9,10,12
7,10,11
9,11,12
1,5,8
1,6,7
12,13,15
6,8,11
11,12,14
6,9,10
7,10,12
9,10,13
1,5,9
6,9,11
11,12,15
6,8,12
12,14,15
9,10,14
1,5,10
6,9,12
12,13,17
6,10,11
9,10,15
1,7,8
1,5,11
7,10,14
6,9,13
11,12,17
12,13,18
11,14,15
7,10,15
6,9,14
11,12,18
1,5,12
1,7,9
6,10,12
11,14,16
12,15,17
6,9,15
6,11,12
1,5,13
1,8,9
6,10,13
11,15,16
12,15,18
11,14,17
1,7,10
12,13,20
6,11,13
1,5,14
6,10,14
1,8,10
12,13,21
11,14,18
1,7,11
6,12,13
6,11,14
1,5,15
11,15,17
1,7,12
1,8,11
1,9,10
11,16,17
6,12,14
6,11,15
12,17,18
12,13,23
1,8,12
11,15,18
1,5,16
11,16,18
6,12,15
6,11,16
1,8,13
1,5,17
11,15,19
1,7,14
11,17,18
1,8,14
1,5,18
11,15,20
1,7,15
1,10,11
12,13,25
6,12,17
1,8,15
1,5,19
11,17,19
11,15,21
1,7,16
6,14,15
12,13,26
12,18,20
1,8,16
6,12,18
11,17,20
1,10,12
11,18,19
12,13,27
12,18,21
6,14,16
1,8,17
11,15,22
11,18,20
11,17,21
1,10,13
1,7,18
12,13,28
6,15,16
11,15,23
1,8,18
11,18,21
6,14,17
11,19,20
1,10,14
1,7,19
11,15,24
1,8,19
11,18,22
12,18,23
11,19,21
1,10,15
6,14,18
12,20,21
6,15,17
11,15,25
11,18,23
1,10,16
6,16,17
1,7,21
6,15,18
11,15,26
11,18,24
11,20,21
6,14,19
6,16,18
11,19,23
6,15,19
11,15,27
1,7,22
11,20,22
6,14,20
12,20,23
6,17,18
1,7,23
11,15,28
11,20,23
11,21,22
12,21,23
6,14,21
11,15,29
6,17,19
1,7,24
11,21,23
11,20,24
12,20,25
11,19,25
6,14,22
6,17,20
11,20,25
1,7,25
11,21,24
6,18,19
11,22,23
12,20,26
6,14,23
1,7,26
11,20,26
11,19,26
6,18,20
11,21,25
12,21,25
6,17,21
12,20,27
6,14,24
11,20,27
1,7,27
11,21,26
6,17,22
6,18,21
6,19,20
12,20,28
11,20,28
6,14,25
1,7,28
11,23,24
11,21,27
12,21,26
11,19,27
6,19,21
6,14,26
11,20,29
12,20,29
6,18,22
1,7,29
12,21,27
11,23,25
11,19,28
11,21,28
6,17,23
6,20,21
12,21,28
11,19,29
11,23,26
11,21,29
6,20,22
6,19,23
6,17,24
11,24,25
12,21,29
6,18,23
11,23,27
6,20,23
11,24,26
6,18,24
6,17,25
6,14,27
12,25,26
6,21,22
6,20,24
6,19,25
11,24,27
11,25,26
6,17,26
12,25,27
6,21,23
11,24,28
6,20,25
6,14,28
6,19,26
11,25,27
6,18,26
6,17,27
6,21,24
6,20,26
12,25,28
11,25,28
6,22,23
6,19,27
11,24,29
6,17,28
6,21,25
11,26,27
12,25,29
6,20,27
6,18,27
11,23,28
11,25,29
12,26,27
6,19,28
6,20,28
11,23,29
6,18,28
6,22,25
11,26,28
6,21,26
6,23,24
12,26,28
6,20,29
6,18,29
6,22,26
11,26,29
6,23,25
6,21,27
12,26,29
6,19,29
6,17,29
12,23,25
12,27,28
6,21,28
6,23,26
12,23,26
6,22,27
6,24,25
6,23,27
12,23,27
12,27,29
11,27,28
6,24,26
6,22,28
6,21,29
6,16,20
11,22,25
12,23,28
6,23,28
6,15,20
12,28,29
6,24,27
6,25,26
11,22,26
12,23,29
6,23,29
6,15,21
6,24,28
11,28,29
6,25,27
11,22,27
6,22,29
6,16,21
6,24,29
11,22,28
6,25,28
6,15,22
11,27,29
6,26,27
6,16,23
1,10,17
11,18,26
6,26,28
6,25,29
6,15,23
1,8,20
11,22,29
12,13,29
11,17,22
11,18,27
6,27,28
6,15,24
1,8,21
11,17,23
1,10,19
6,16,25
12,18,26
6,15,25
11,18,28
6,26,29
1,8,22
6,27,29
1,10,20
6,16,26
12,18,27
11,18,29
6,15,26
1,8,23
6,12,20
6,28,29
12,18,28
1,10,21
11,17,24
6,16,27
1,8,24
6,15,27
1,10,22
6,12,21
1,5,20
12,18,29
11,17,25
6,16,28
1,8,25
6,15,28
1,10,23
11,16,20
6,16,29
11,17,26
1,5,21
1,8,26
6,11,17
6,15,29
6,13,15
11,16,21
6,12,23
1,10,24
11,17,27
1,11,12
1,8,27
6,13,16
6,11,18
1,5,22
11,17,28
1,11,13
6,13,17
6,11,19
1,8,28
1,9,11
1,5,23
1,11,14
11,16,23
1,10,26
11,17,29
1,12,13
6,13,18
6,11,20
12,17,20
1,10,27
1,9,12
1,5,24
1,11,15
6,12,25
6,11,21
12,17,21
6,13,19
1,12,14
1,5,25
1,10,28
11,16,25
1,11,16
6,12,26
6,13,20
1,9,13
6,11,22
1,5,26
1,12,15
1,8,29
12,15,20
1,11,17
1,10,29
6,11,23
11,16,26
12,17,23
1,5,27
6,13,21
12,15,21
1,11,18
1,13,15
1,9,14
6,11,24
11,16,27
1,5,28
1,13,16
1,11,19
6,11,25
1,9,15
1,14,15
1,12,17
12,17,25
1,5,29
1,12,18
1,9,16
1,11,20
12,15,23
11,16,28
1,14,16
6,11,26
1,15,16
1,13,17
12,17,26
6,13,22
6,12,27
1,15,17
1,13,18
6,11,27
1,14,17
11,16,29
1,9,17
1,11,21
12,17,27
6,12,28
11,14,19
6,13,23
1,15,18
1,9,18
11,14,20
6,12,29
1,12,20
1,16,17
1,11,22
1,14,18
6,13,24
12,15,25
12,17,28
6,11,28
1,13,19
11,14,21
1,12,21
1,14,19
6,13,25
12,17,29
6,11,29
1,13,20
1,16,18
12,15,26
1,11,23
1,15,19
1,9,19
6,13,26
1,13,21
1,11,24
1,17,18
1,15,20
1,9,20
12,15,27
1,12,23
1,13,22
1,14,20
6,13,27
11,14,22
1,9,21
12,15,28
1,15,21
1,16,20
1,11,25
1,17,19
1,14,21
6,13,28
1,13,23
6,9,16
11,14,23
6,10,15
1,18,19
12,15,29
1,17,20
1,14,22
11,14,24
1,12,25
1,16,21
6,9,17
6,10,16
6,13,29
1,18,20
1,13,24
1,17,21
1,11,26
1,14,23
6,9,18
6,10,17
1,12,26
11,14,25
1,17,22
1,11,27
1,13,25
1,18,21
1,9,22
1,19,20
11,14,26
1,17,23
6,9,19
1,12,27
1,19,21
1,14,24
1,18,22
1,13,26
1,9,23
1,11,28
1,16,23
1,15,22
1,17,24
6,10,19
1,12,28
1,14,25
1,20,21
1,11,29
1,13,27
1,18,23
1,9,24
6,9,20
6,10,20
1,17,25
1,15,23
1,13,28
1,9,25
1,18,24
6,10,21
6,9,21
1,17,26
1,20,22
1,14,26
1,16,25
1,15,24
1,12,29
1,13,29
6,9,22
1,21,22
6,10,22
1,17,27
1,16,26
1,15,25
1,18,26
1,21,23
1,20,23
6,9,23
1,14,27
1,16,27
1,17,28
6,10,23
1,9,26
1,18,27
1,22,23
1,14,28
6,9,24
1,20,24
1,16,28
1,17,29
6,10,24
1,19,23
1,15,26
1,18,28
1,9,27
1,21,24
11,14,27
1,20,25
1,16,29
1,9,28
6,9,25
1,21,25
1,20,26
1,15,27
11,14,28
1,18,29
1,23,24
1,21,26
6,9,26
1,9,29
1,20,27
1,15,28
1,22,25
1,23,25
11,12,20
6,9,27
1,19,25
1,21,27
1,20,28
1,15,29
6,10,26
1,22,26
1,21,28
6,9,28
1,19,26
1,23,26
11,12,21
1,20,29
1,22,27
9,10,16
6,10,27
7,10,16
12,14,17
1,24,25
1,19,27
6,9,29
1,23,27
1,22,28
9,10,17
11,12,23
12,14,18
6,10,28
1,24,26
1,19,28
1,23,28
1,22,29
1,21,29
1,24,27
6,10,29
1,19,29
9,10,19
7,10,19
1,23,29
1,25,26
1,24,28
12,14,20
11,12,25
9,10,20
1,25,27
1,24,29
12,14,21
6,8,13
11,12,26
7,10,21
11,13,15
1,6,8
9,10,21
1,25,28
6,8,14
9,11,13
7,10,22
9,10,22
11,12,27
11,13,16
6,8,15
1,6,9
1,25,29
1,26,27
7,10,23
12,14,23
10,11,14
9,10,23
11,13,17
1,6,10
10,11,15
9,12,13
7,10,24
1,26,28
6,8,16
11,12,28
9,10,24
9,11,14
6,8,17
1,6,11
9,12,14
11,12,29
12,14,25
1,26,29
10,11,16
9,11,15
11,13,18
1,6,12
6,8,18
12,14,26
10,11,17
9,11,16
1,27,28
11,13,19
7,10,26
6,8,19
1,6,13
9,10,26
12,14,27
7,10,27
11,13,20
1,27,29
9,11,17
6,8,20
9,13,15
1,6,14
9,12,15
11,13,21
7,10,28
6,8,21
1,28,29
10,11,19
9,13,16
9,14,15
1,6,15
7,10,29
11,13,22
6,8,22
10,11,20
9,13,17
9,14,16
1,6,16
9,11,18
12,14,28
11,13,23
6,8,23
10,11,21
9,13,18
1,6,17
9,11,19
11,13,24
6,8,24
9,15,16
9,13,19
9,14,17
9,12,17
9,11,20
1,6,18
10,11,22
9,10,27
9,11,21
9,13,20
10,11,23
6,8,25
9,15,17
9,14,18
9,12,18
11,13,25
9,16,17
9,10,28
9,14,19
9,15,18
9,13,21
7,11,12
6,8,26
10,11,24
9,11,22
11,13,26
9,16,18
1,6,19
9,15,19
9,13,22
6,8,27
11,13,27
9,12,20
9,11,23
1,6,20
9,17,18
6,8,28
10,11,26
9,13,23
9,15,20
9,11,24
9,16,20
1,6,21
9,17,19
7,12,14
9,13,24
6,8,29
9,15,21
9,11,25
9,12,21
9,16,21
7,13
10,11,27
11,13,28
9,17,20
1,6,22
9,15,22
11,13,29
9,18,19
1,6,23
10,11,28
9,17,21
9,11,26
9,13,25
9,12,23
9,15,23
9,18,20
1,6,24
9,17,22
9,11,27
10,11,29
9,13,26
7,14,15
9,18,21
9,15,24
1,6,25
9,17,23
9,11,28
9,19,20
9,12,25
9,18,22
7,14,16
9,15,25
9,13,27
9,17,24
9,11,29
9,19,21
1,6,26
9,12,26
9,16,23
9,18,23
9,15,26
9,17,25
9,13,28
7,15,16
9,18,24
9,20,21
9,17,26
9,15,27
9,12,27
9,19,23
7,14,18
9,16,25
9,20,22
9,17,27
9,13,29
9,15,28
9,12,28
7,14,19
9,16,26
9,17,28
9,20,23
9,12,29
9,18,26
9,21,22
9,19,25
9,15,29
9,16,27
7,16,18
9,20,24
9,18,27
9,17,29
9,19,26
9,21,23
7,17
9,16,28
7,14,21
9,18,28
9,19,27
9,21,24
9,20,25
9,22,23
9,16,29
7,15,18
9,18,29
9,19,28
7,14,22
9,20,26
9,21,25
7,16,21
7,15,19
1,6,27
7,18,19
9,19,29
7,14,23
7,12,15
9,21,26
1,6,28
9,21,27
9,23,24
7,15,21
7,14,24
7,16,23
9,22,25
1,6,29
9,23,25
7,18,21
7,15,22
9,21,28
9,22,26
7,14,25
7,12,18
9,23,26
7,18,22
9,21,29
7,15,23
9,24,25
9,22,27
9,20,27
9,23,27
7,15,24
7,18,23
7,16,25
9,22,28
9,20,28
9,24,26
7,20
7,14,26
7,11,14
9,23,28
7,19,21
7,18,24
7,15,25
9,20,29
9,23,29
9,25,26
9,24,27
7,14,27
7,11,15
9,22,29
7,15,26
9,25,27
7,14,28
7,12,21
9,24,28
7,11,16
7,18,26
7,21,22
7,19,23
9,25,28
7,15,27
9,24,29
7,18,27
9,26,27
9,25,29
7,15,28
7,21,23
7,16,26
9,14,20
7,19,25
9,26,28
7,18,28
7,12,23
7,22,23
7,16,27
7,21,24
7,15,29
9,14,21
7,18,29
9,26,29
7,19,26
7,11,18
7,16,28
7,21,25
9,27,28
7,22,25
7,11,19
7,12,25
7,19,27
7,23,24
7,21,26
9,27,29
7,16,29
9,14,22
7,19,28
7,21,27
9,14,23
7,12,26
7,23,25
7,19,29
9,28,29
7,22,26
7,11,21
7,21,28
9,10,29
8,10,24
7,12,27
7,24,25
7,11,22
7,22,27
7,23,26
7,21,29
7,24,26
7,12,28
7,22,28
9,14,24
3,4,16
8,10,26
7,11,23
7,9,11
7,24,27
7,12,29
7,23,27
9,14,25
3,4,17
2,3,17
7,25,26
7,11,24
7,9,12
8,10,27
7,22,29
7,24,28
2,3,18
7,11,25
3,4,18
7,23,28
7,25,27
8,10,28
9,14,26
7,23,29
7,11,26
3,4,19
8,10,29
7,25,28
7,24,29
7,26,27
9,14,27
7,11,27
7,25,29
7,26,28
9,14,28
13,14
3,4,20
10,12,13
14,15,16
10,12,14
7,27,28
3,4,21
15,16,17
7,26,29
10,12,15
16,17,18
7,27,29
3,4,22
14,15,17
17,18,19
13,15,16
18,19,20
15,16,18
19,20,21
7,28,29
14,16,17
13,15,17
20,21,22
17,18,20
13,15,18
20,21,23
17,18,21
18,19,21
17,19,20
14,16,18
19,20,23
13,16,17
17,18,22
14,17,18
20,22,23
13,16,18
17,19,21
13,15,19
20,21,24
17,20,21
19,21,23
14,16,20
18,19,23
19,20,25
14,17,19
14,18,19
20,22,25
20,21,25
17,20,22
13,15,20
20,23,24
14,16,21
14,17,20
20,21,26
17,20,23
20,23,25
13,15,21
20,22,26
14,18,20
19,20,26
14,17,21
17,21,22
13,15,22
14,18,21
19,20,27
14,17,22
14,16,23
20,24,25
20,22,27
17,21,23
13,15,23
14,18,22
19,20,28
18,19,26
19,23,25
20,22,28
20,24,26
17,22,23
17,21,24
14,17,23
17,20,24
13,15,24
19,23,26
18,19,27
20,22,29
20,24,27
14,16,25
20,25,26
17,20,25
19,23,27
13,15,25
14,17,24
18,19,28
17,21,25
20,24,28
17,20,26
20,25,27
14,16,26
13,15,26
19,23,28
17,21,26
20,24,29
14,17,25
18,19,29
17,20,27
17,22,25
20,25,28
19,25,26
19,23,29
17,21,27
20,26,27
17,22,26
20,25,29
17,20,28
14,17,26
19,25,27
17,21,28
13,15,27
17,22,27
20,26,28
14,16,27
17,20,29
13,15,28
14,17,27
20,26,29
19,26,27
17,22,28
20,27,28
14,16,28
17,21,29
19,25,28
14,17,28
13,15,29
19,26,28
17,22,29
19,25,29
20,27,29
19,26,29
14,18,23
19,20,29
20,28,29
19,27,28
20,23,26
19,27,29
14,18,24
20,21,27
17,23,24
13,16,20
20,23,27
13,16,21
17,23,25
19,21,25
19,28,29
20,21,28
17,18,23
14,18,26
19,21,26
14,19,20
17,18,24
20,21,29
17,23,26
14,18,27
17,24,25
17,19,23
20,23,28
19,21,27
13,17,18
13,16,23
20,23,29
17,24,26
19,21,28
14,18,28
17,23,27
17,18,26
14,20,21
17,19,25
17,24,27
17,23,28
19,21,29
17,18,27
17,25,26
14,20,22
17,19,26
17,24,28
17,23,29
13,18,19
17,25,27
13,16,25
14,20,23
17,19,27
14,21,22
17,24,29
17,25,28
13,18,20
14,20,24
13,16,26
17,19,28
14,21,23
17,18,28
13,17,19
17,26,27
13,16,27
14,20,25
17,19,29
17,25,29
13,19,20
17,18,29
13,17,20
14,21,24
14,22,23
13,16,28
17,26,28
14,20,26
13,19,21
13,17,21
14,21,25
17,27,28
13,16,29
17,26,29
14,20,27
13,17,22
14,21,26
14,22,25
13,20,21
14,20,28
17,27,29
13,19,23
13,17,23
14,21,27
13,18,21
14,22,26
13,17,24
17,28,29
14,21,28
14,23,24
13,20,22
14,19,21
13,18,22
14,22,27
13,17,25
13,21,22
13,18,23
14,22,28
14,23,25
13,20,23
13,17,26
13,19,25
13,21,23
13,20,24
14,23,26
14,24,25
13,19,26
15,16,20
13,17,27
13,18,24
13,21,24
14,19,23
14,23,27
13,22,23
13,20,25
13,17,28
15,16,21
14,15,18
13,21,25
13,19,27
14,23,28
14,15,19
13,17,29
13,20,26
14,25,26
14,24,26
13,18,26
13,22,25
14,19,25
14,15,20
15,16,23
14,25,27
14,24,27
13,20,27
13,22,26
13,18,27
13,19,28
14,15,21
14,25,28
14,19,26
14,24,28
13,22,27
13,23,24
13,20,28
13,19,29
13,18,28
15,16,25
14,19,27
13,22,28
13,20,29
13,23,25
13,18,29
14,26,27
15,16,26
14,15,22
14,19,28
13,21,26
13,23,26
13,22,29
13,24,25
15,16,27
14,26,28
13,21,27
13,23,27
14,15,23
13,24,26
3,4,23
15,16,28
13,23,28
13,21,28
14,15,24
14,27,28
3,4,24
13,24,27
13,25,26
15,16,29
13,23,29
16,17,20
13,25,27
3,4,25
13,24,28
10,12,17
14,15,25
16,17,21
13,21,29
13,25,28
13,24,29
3,4,26
14,15,26
13,26,27
18,20,21
13,25,29
14,15,27
3,4,27
16,17,23
18,20,22
13,26,28
14,15,28
18,20,23
14,29
13,26,29
3,4,28
18,21,22
13,27,28
16,17,25
10,12,20
3,4,29
18,20,24
13,27,29
16,17,26
18,21,23
10,12,21
18,22,23
15,17,18
13,28,29
16,18,20
16,17,27
18,21,24
15,17,19
16,18,21
18,20,26
10,12,23
15,17,20
16,17,28
15,18,19
18,20,27
18,23,24
18,22,26
18,21,26
15,17,21
16,17,29
16,20,21
16,18,23
15,18,20
18,22,27
15,17,22
18,21,27
15,18,21
15,19,20
10,12,26
18,23,26
18,22,28
18,21,28
15,18,22
15,17,23
18,22,29
18,24,26
15,19,21
16,20,23
10,12,27
18,21,29
15,17,24
15,18,23
16,18,26
18,24,27
10,12,28
15,17,25
16,18,27
15,18,24
18,24,28
16,21,23
15,19,23
16,20,25
18,23,27
16,18,28
15,17,26
18,24,29
18,23,28
16,18,29
15,17,27
16,20,26
18,26,27
15,18,26
10,12,29
15,19,25
16,21,25
18,26,28
16,20,27
15,17,28
15,18,27
15,20,21
18,27,28
18,26,29
15,19,26
15,17,29
15,18,28
16,21,26
18,23,29
18,27,29
16,23,25
16,20,28
15,20,22
18,20,28
15,19,27
15,18,29
15,20,23
16,23,26
18,20,29
15,19,28
16,20,29
16,21,27
15,21,22
18,28,29
16,23,27
15,19,29
15,20,24
15,21,23
16,21,28
16,23,28
15,20,25
16,23,29
16,21,29
15,21,24
7,11,28
15,21,25
15,20,26
16,25,26
15,22,23
21,22,23
16,25,27
23,24,25
15,21,26
24,25,26
25,26,27
16,26,27
15,23,24
10,13,15
24,25,27
26,27,28
16,26,28
25,26,28
10,13,16
15,23,25
27,28,29
23,25,26
25,26,29
10,14,15
16,26,29
10,13,17
15,24,25
16,27,28
25,27,28
15,24,26
16,27,29
25,27,29
15,23,26
23,26,27
23,25,27
10,14,16
10,13,19
10,15,16
23,25,28
16,28,29
15,25,26
25,28,29
15,23,27
10,13,20
10,15,17
23,26,28
10,14,17
15,25,27
15,23,28
10,13,21
23,25,29
23,26,29
15,26,27
15,23,29
15,25,28
10,14,19
10,13,22
10,16,17
10,15,19
15,24,27
15,26,28
15,25,29
10,14,20
15,24,28
15,26,29
10,15,20
15,27,28
10,13,23
24,25,28
15,24,29
10,14,21
10,15,21
10,13,24
24,25,29
23,27,28
10,14,22
15,27,29
22,25,26
10,15,22
10,17,19
23,27,29
10,14,23
15,28,29
10,15,23
10,17,20
22,25,27
10,16,20
10,14,24
10,15,24
10,13,26
22,26,27
22,25,28
10,16,21
10,17,21
10,13,27
22,26,28
22,25,29
10,17,22
10,14,26
26,27,29
10,13,28
10,19,20
10,16,23
22,27,28
10,15,26
10,17,23
23,28,29
10,14,27
10,19,21
10,13,29
22,27,29
10,17,24
10,14,28
10,15,27
26,28,29
22,26,29
10,20,21
10,15,28
10,16,26
10,17,26
10,20,22
10,16,27
15,21,27
10,15,29
23,24,26
16,25,28
22,28,29
10,20,23
10,19,23
10,16,28
15,21,28
16,25,29
10,21,22
10,20,24
10,17,27
23,24,27
10,16,29
15,22,25
10,21,23
10,17,28
23,24,28
15,21,29
15,22,26
22,23,25
10,21,24
10,22,23
10,20,26
23,24,29
10,17,29
10,19,26
22,23,26
15,22,27
15,20,27
10,20,27
10,19,27
22,23,27
24,26,27
15,22,28
15,20,28
10,20,28
21,22,25
10,19,28
22,23,28
15,20,29
10,20,29
10,23,24
21,23,24
24,26,28
15,22,29
10,22,26
21,22,26
10,19,29
24,26,29
10,22,27
21,22,27
24,27,28
10,23,26
21,23,25
22,23,29
10,22,28
21,24,25
24,27,29
21,22,28
21,23,26
10,23,27
10,22,29
7,11,29
21,23,27
10,24,26
24,28,29
10,23,28
10,21,26
21,23,28
10,24,27
21,24,26
21,25,26
10,23,29
21,22,29
21,23,29
10,24,28
21,24,27
10,21,27
21,25,27
7,9,14
2,3,19
10,24,29
7,8,18
4,6,23
10,21,28
21,25,28
7,9,15
21,26,27
2,3,20
21,24,28
10,26,27
4,6,24
10,21,29
7,9,16
21,25,29
2,3,21
21,26,28
21,24,29
7,8,19
4,6,25
10,26,28
8,9,23
1,2,18
10,26,29
21,27,28
7,9,18
8,9,24
4,6,26
10,27,28
1,2,19
2,3,22
21,26,29
21,27,29
8,9,25
7,9,19
4,6,27
2,3,23
1,2,20
10,27,29
7,8,21
4,6,28
21,28,29
8,9,26
10,28,29
2,3,24
7,8,22
1,2,21
7,9,21
4,6,29
8,9,27
2,3,25
7,8,23
4,7,8
7,9,22
1,2,22
8,9,28
2,4,6
7,9,23
4,7,9
0,2,4
2,3,26
7,8,24
8,9,29
1,2,23
2,4,7
7,9,24
5,6,8
4,8,9
7,8,25
0,2,5
3,7,8
1,2,24
5,6,9
7,9,25
4,8,10
7,8,26
2,5,6
3,7,9
1,2,25
0,3,4
2,4,8
0,2,6
5,6,10
3,7,10
4,8,11
2,5,7
7,8,27
3,8,9
2,4,9
4,9,10
1,2,26
0,3,5
5,6,11
3,7,11
4,8,12
2,6,7
4,9,11
2,4,10
3,8,10
4,8,13
3,7,12
1,2,27
5,6,12
2,5,8
0,3,7
2,4,11
3,8,11
7,8,28
4,9,12
2,6,8
4,10,11
3,9,10
1,2,28
2,5,9
2,4,12
3,9,11
2,6,9
2,7,8
4,9,13
4,10,12
3,8,12
7,8,29
2,4,13
3,7,14
1,2,29
2,5,10
2,6,10
3,10,11
3,8,13
4,11,12
2,4,14
2,5,11
3,7,15
3,10,12
2,6,11
4,9,14
2,7,9
2,8,9
3,8,14
3,7,16
2,5,12
3,10,13
2,6,12
4,9,15
3,8,15
2,7,10
3,11,12
4,12,13
2,6,13
3,10,14
2,5,13
4,9,16
2,7,11
3,8,16
4,12,14
3,7,18
2,9,10
3,11,13
2,6,14
2,7,12
2,5,14
3,7,19
4,9,17
3,8,17
3,12,13
2,9,11
3,11,14
2,6,15
3,12,14
4,9,18
2,9,12
4,13,15
3,11,15
3,8,18
2,5,15
2,6,16
2,8,11
2,7,14
3,12,15
4,9,19
2,9,13
3,11,16
2,5,16
4,14,15
2,8,12
2,6,17
2,9,14
4,9,20
2,7,15
3,13,15
3,11,17
2,5,17
4,14,16
2,6,18
2,9,15
3,12,17
2,7,16
2,8,13
4,9,21
3,8,19
4,13,16
4,14,17
3,11,18
2,6,19
2,9,16
3,14,15
4,15,16
2,8,14
4,13,17
3,11,19
4,14,18
4,15,17
3,14,16
2,9,17
2,8,15
3,8,20
4,9,22
4,13,18
2,6,20
2,7,19
3,12,18
2,9,18
4,14,19
3,14,17
2,8,16
4,16,17
3,8,21
3,15,16
4,9,23
4,14,20
4,16,18
2,9,19
2,8,17
3,8,22
3,15,17
3,14,18
2,7,21
4,14,21
4,9,24
3,12,20
2,9,20
3,8,23
3,15,18
3,14,19
4,14,22
4,9,25
3,16,17
4,17,18
3,8,24
3,15,19
2,9,21
2,8,19
3,16,18
4,9,26
4,17,19
4,14,23
3,14,20
4,16,20
3,8,25
3,15,20
2,9,22
2,8,20
3,12,21
4,17,20
3,17,18
3,14,21
3,15,21
2,9,23
4,18,19
3,16,20
2,8,21
4,17,21
3,17,19
4,16,21
3,8,26
3,15,22
4,18,20
2,8,22
3,14,22
3,16,21
3,12,23
3,8,27
4,17,22
3,17,20
3,18,19
3,15,23
2,8,23
4,18,21
3,14,23
4,19,20
4,17,23
3,17,21
3,18,20
3,8,28
3,15,24
3,14,24
4,18,22
4,17,24
2,8,24
3,12,25
4,19,21
3,19,20
3,17,22
3,16,23
3,15,25
4,18,23
3,14,25
4,20,21
4,17,25
3,19,21
3,17,23
3,12,26
4,18,24
3,14,26
3,15,26
4,19,23
2,8,26
4,17,26
3,17,24
3,12,27
3,14,27
4,20,22
3,20,21
4,21,22
2,8,27
4,17,27
4,18,26
3,12,28
3,14,28
3,20,22
4,20,23
3,19,23
4,21,23
2,8,28
4,17,28
3,17,25
4,19,25
4,18,27
4,20,24
3,12,29
3,20,23
4,21,24
4,19,26
3,21,22
4,18,28
4,17,29
4,22,23
3,17,26
4,20,25
3,20,24
4,21,25
4,18,29
4,19,27
3,17,27
3,21,23
2,8,29
3,20,25
4,19,28
4,22,25
3,21,24
4,21,26
4,23,24
3,19,25
3,20,26
3,17,28
4,22,26
4,19,29
3,22,23
3,21,25
4,21,27
4,23,25
3,20,27
3,19,26
4,22,27
3,17,29
3,21,26
4,23,26
4,21,28
3,19,27
3,20,28
4,22,28
4,20,26
4,24,25
3,22,25
4,21,29
4,23,27
3,23,24
3,20,29
3,19,28
4,20,27
4,24,26
3,22,26
4,22,29
4,23,28
3,21,27
4,20,28
3,19,29
3,22,27
3,23,25
4,24,27
4,25,26
3,21,28
4,23,29
3,23,26
4,20,29
3,22,28
4,24,28
3,21,29
3,24,25
4,25,27
3,16,25
3,15,27
3,23,27
3,24,26
4,24,29
3,22,29
3,16,26
4,25,28
3,15,28
4,26,27
3,18,21
3,23,28
3,8,29
4,25,29
3,15,29
3,25,26
3,16,27
3,23,29
3,18,22
4,26,28
3,24,27
3,25,27
4,27,28
3,16,28
2,9,24
3,24,28
3,25,28
3,18,23
4,26,29
3,16,29
4,16,23
3,26,27
2,9,25
3,24,29
3,25,29
3,18,24
4,27,29
4,9,27
4,14,24
3,26,28
2,9,26
4,28,29
3,26,29
4,14,25
4,9,28
2,7,22
3,27,28
2,6,21
2,9,27
4,13,19
3,18,26
2,7,23
4,16,25
2,6,22
4,9,29
4,13,20
2,9,28
3,18,27
3,27,29
2,7,24
4,14,26
2,6,23
4,15,18
4,13,21
2,9,29
3,18,28
3,28,29
4,16,26
4,14,27
2,7,25
4,15,19
2,6,24
3,18,29
4,16,27
2,7,26
4,13,22
4,14,28
2,5,18
3,11,20
4,15,20
2,6,25
4,16,28
3,13,16
3,11,21
2,7,27
2,6,26
4,15,21
4,13,23
2,5,19
3,7,21
4,12,15
3,10,15
3,11,22
2,7,28
3,13,17
4,15,22
4,13,24
2,5,20
3,10,16
3,11,23
2,6,27
3,7,22
4,16,29
2,4,15
4,15,23
4,13,25
2,7,29
3,10,17
3,7,23
3,11,24
2,10,11
2,6,28
2,5,21
4,12,17
4,13,26
4,15,24
2,4,16
3,11,25
4,12,18
2,10,12
3,7,24
2,6,29
2,5,22
3,13,18
2,4,17
2,10,13
3,11,26
4,13,27
2,5,23
2,11,12
3,7,25
4,15,25
3,10,19
3,13,19
2,4,18
2,10,14
4,12,20
4,15,26
2,11,13
2,5,24
3,7,26
4,13,28
2,4,19
3,13,20
2,10,15
4,12,21
3,11,27
3,10,20
4,11,13
4,15,27
3,7,27
2,12,13
4,13,29
2,4,20
3,10,21
3,13,21
3,11,28
4,11,14
2,10,16
2,12,14
4,15,28
3,7,28
2,4,21
3,13,22
3,10,22
4,11,15
2,10,17
3,11,29
4,12,23
4,15,29
2,5,25
3,7,29
2,12,15
2,4,22
3,10,23
4,11,16
2,13,15
2,5,26
3,13,23
2,4,23
3,10,24
4,12,25
4,11,17
2,11,14
2,5,27
2,4,24
2,12,17
3,13,24
2,10,19
2,13,16
4,11,18
4,12,26
4,10,13
2,11,15
2,4,25
2,5,28
3,9,12
2,10,20
2,13,17
2,14,15
4,10,14
4,12,27
2,11,16
2,5,29
4,11,19
2,4,26
3,13,25
3,10,26
2,13,18
2,14,16
2,10,21
3,9,13
2,11,17
3,10,27
2,4,27
3,13,26
2,14,17
2,13,19
4,11,20
4,12,28
4,10,15
2,15,16
2,11,18
3,9,14
2,12,18
2,4,28
4,12,29
2,13,20
2,10,22
4,10,16
2,15,17
2,11,19
3,9,15
4,11,21
2,14,18
3,13,27
2,10,23
2,4,29
2,13,21
2,11,20
3,10,28
2,15,18
3,9,16
2,10,24
3,13,28
2,13,22
2,14,19
2,15,19
3,10,29
2,11,21
2,12,20
2,16,17
3,13,29
3,9,17
4,11,22
4,10,17
0,3,8
2,14,20
2,11,22
2,12,21
3,9,18
2,16,18
2,14,21
0,3,9
4,11,23
2,13,23
2,10,26
2,15,20
3,9,19
4,10,19
4,11,24
0,3,10
2,13,24
2,14,22
2,15,21
2,12,23
2,10,27
2,11,23
4,10,20
3,9,20
2,16,20
2,13,25
0,3,11
2,15,22
2,14,23
4,11,25
2,10,28
2,17,18
2,11,24
4,10,21
3,9,21
2,16,21
2,13,26
2,10,29
2,15,23
2,14,24
2,17,19
2,11,25
2,12,25
2,13,27
0,3,13
3,9,22
4,10,22
2,14,25
2,18,19
2,15,24
2,17,20
2,11,26
2,16,23
0,3,14
2,13,28
3,9,23
2,12,26
4,10,23
2,18,20
2,11,27
2,15,25
2,17,21
2,14,26
3,9,24
2,13,29
4,10,24
2,12,27
2,11,28
0,3,15
2,15,26
2,18,21
2,19,20
3,9,25
2,14,27
2,16,25
2,11,29
2,12,28
2,18,22
2,19,21
3,9,26
2,14,28
2,17,22
2,15,27
2,12,29
0,3,17
4,10,26
2,18,23
3,9,27
2,20,21
2,17,23
2,15,28
2,16,26
3,9,28
2,18,24
0,3,18
2,20,22
2,19,23
4,10,27
2,15,29
4,11,26
2,17,24
4,8,14
2,16,27
2,20,23
3,9,29
4,10,28
2,17,25
2,21,22
2,16,28
2,18,26
4,8,15
2,20,24
4,11,27
2,19,25
2,17,26
2,21,23
2,16,29
4,10,29
4,8,16
2,18,27
4,11,28
2,19,26
0,3,20
2,20,25
2,17,27
2,21,24
5,6,13
2,22,23
4,8,17
2,18,28
2,19,27
2,20,26
0,3,21
4,11,29
2,17,28
5,6,14
2,18,29
4,8,18
2,20,27
2,19,28
2,21,25
2,17,29
0,2,7
5,6,15
0,3,23
2,20,28
2,21,26
0,2,8
2,22,25
2,20,29
5,6,16
2,19,29
2,23,24
4,8,19
0,2,9
2,23,25
2,21,27
2,22,26
5,6,17
4,8,20
0,2,10
2,23,26
2,24,25
0,3,25
7,9,26
4,7,10
5,6,18
4,8,21
0,4,5
2,22,27
4,7,11
2,23,27
0,3,26
4,8,22
5,6,19
0,4,6
7,9,27
0,2,11
2,24,26
2,21,28
4,7,12
2,3,27
4,8,23
0,3,27
7,9,28
2,24,27
2,25,26
0,5,6
2,3,28
2,21,29
4,8,24
0,3,28
2,25,27
7,9,29
5,6,20
2,24,28
4,7,14
0,5,7
0,2,13
4,8,25
0,3,29
2,3,29
5,6,21
2,25,28
2,24,29
4,7,15
2,26,27
0,5,8
0,6,7
5,6,22
4,8,26
2,25,29
2,26,28
4,7,16
0,2,14
0,5,9
0,6,8
5,6,23
4,8,27
2,27,28
2,26,29
0,2,15
5,6,24
0,6,9
0,5,10
4,8,28
0,4,7
0,7,8
4,7,18
5,6,25
0,6,10
2,27,29
0,4,8
4,7,19
0,7,9
4,8,29
0,2,17
0,5,11
5,6,26
0,6,11
2,28,29
0,4,9
0,7,10
0,2,18
5,6,27
0,4,10
0,8,9
0,7,11
0,5,13
4,7,21
0,4,11
5,6,28
2,23,28
0,6,13
0,2,20
4,7,22
0,8,10
0,5,14
1,3,5
2,22,28
5,6,29
0,6,14
0,2,21
0,5,15
4,7,23
0,9,10
0,8,11
2,22,29
0,6,15
0,9,11
0,7,14
4,7,24
0,4,13
2,23,29
1,3,7
0,8,13
0,7,15
0,2,23
0,5,17
0,10,11
1,3,8
0,6,17
0,8,14
0,9,13
0,5,18
4,7,25
0,4,14
1,3,9
0,6,18
0,8,15
0,2,25
0,9,14
0,10,13
0,4,15
1,3,10
4,7,26
0,7,18
0,5,20
0,2,26
0,10,14
1,3,11
0,8,17
0,9,15
0,6,20
0,5,21
0,2,27
0,11,13
4,7,27
0,10,15
1,3,12
0,8,18
0,6,21
0,2,28
0,9,17
4,7,28
0,11,14
1,3,13
0,4,17
0,7,21
0,5,23
0,11,15
0,10,17
0,2,29
0,8,20
4,7,29
1,3,14
0,6,23
0,4,18
0,9,18
0,8,21
1,3,15
0,13,15
0,11,17
0,5,25
1,3,16
0,4,20
0,7,23
0,9,20
0,10,20
0,5,26
1,3,17
0,6,25
0,4,21
0,9,21
0,10,21
0,14,15
0,5,27
0,13,17
0,8,23
0,6,26
1,3,18
0,11,18
0,7,25
0,5,28
0,13,18
0,6,27
0,7,26
0,9,23
0,5,29
1,3,19
0,4,23
0,10,23
0,8,25
0,14,17
0,7,27
0,15,17
0,13,20
0,11,20
1,3,20
0,8,26
0,14,18
0,9,25
0,7,28
0,15,18
0,11,21
0,13,21
0,8,27
1,3,21
0,4,25
0,9,26
0,6,28
0,7,29
0,8,28
0,14,20
0,15,20
0,9,27
0,6,29
0,11,23
0,10,26
0,4,26
0,8,29
0,14,21
1,3,22
0,13,23
0,15,21
0,9,28
0,4,27
0,10,27
1,3,23
0,11,25
0,9,29
0,10,28
0,4,28
0,17,18
1,3,24
0,15,23
0,13,25
0,14,23
0,11,26
0,10,29
0,4,29
1,3,25
0,13,26
0,11,27
0,15,25
1,3,26
0,17,20
0,13,27
0,14,25
0,11,28
1,3,27
0,17,21
0,15,26
0,13,28
0,14,26
0,11,29
0,18,20
1,3,28
0,15,27
0,14,27
0,13,29
0,18,21
1,3,29
0,17,23
0,15,28
0,14,28
0,15,29
0,18,23
0,17,25
0,20,21
0,17,26
0,17,27
0,18,26
0,17,28
0,20,23
0,18,27
0,17,29
0,21,23
0,18,28
0,20,25
0,18,29
0,20,26
0,21,25
0,20,27
0,21,26
0,20,28
0,21,27
0,20,29
0,21,28
0,23,25
0,21,29
0,23,26
0,23,27
0,23,28
0,23,29
0,25,26
0,25,27
0,25,28
0,26,27
0,25,29
0,26,28
0,26,29
0,27,28
0,27,29
0,28,29
