29
0,4,5,9,13,16,21,22,24
0,5,9,10,12,16,17,21,22,24
0,5,9,10,12,13,17,21,22,24
0,4,5,9,10,16,21,22,24
0,5,9,12,13,17,21,22,24,27
0,5,8,9,10,16,17,21,22,24
0,4,5,9,14,17,21,22,24
0,4,9,12,18,21,24
0,3,5,7,9,21,22,24
0,4,5,9,15,16,21,22,24
0,3,5,8,9,21,22,24
0,5,6,7,9,10,14,21,22,24
0,4,5,9,14,16,21,22,24
0,5,9,12,13,16,21,22,24
0,5,7,9,10,12,13,21,22,24
0,4,5,9,13,17,21,22,24
0,4,5,9,10,17,21,22,24
0,5,7,9,10,12,17,21,22,24
0,4,9,16,18,21,24
0,5,9,12,14,16,21,22,24
0,5,6,7,9,10,13,21,22,24
0,5,6,9,10,17,21,22,24
0,5,9,15,19,21,24
0,5,7,9,12,15,16,17,21,22,24
0,4,5,8,9,16,21,22,24
0,5,9,17,19,21,24
0,5,9,14,19,21,24
0,5,7,9,12,14,17,21,22,24,27
0,5,6,7,9,16,17,21,22,24
0,5,8,9,13,17,21,22,24
0,5,8,9,15,16,17,21,22,24
0,5,8,9,14,16,21,22,24
0,5,8,9,13,16,21,22,24
5,8,9,10,12,16,17,21,22,24
5,8,9,10,12,13,21,22,24
5,8,9,10,11,16,17,21,22,24
5,7,8,9,13,17,21,22,24
5,7,8,9,11,15,17,21,22,24
3,5,6,7,9,11,21,22,24
5,7,8,9,14,16,21,22,24
5,7,8,9,13,16,21,22,24
5,7,8,9,15,16,17,21,22,24
5,6,7,9,10,13,20,21,22,24,27
0,3,5,9,11,21,22,24
5,6,7,9,10,14,21,22,24,27
3,5,6,7,9,20,21,22,24
5,8,9,10,11,13,21,22,24
5,7,8,9,14,17,21,22,24
5,7,8,9,19,21,24
5,7,8,9,10,11,17,21,22,24
3,5,6,9,17,20,21,22,24
4,5,6,9,13,16,21,22,24
4,5,6,9,10,14,21,22,24
4,5,6,9,14,16,21,22,24
4,5,6,9,13,17,21,22,24
4,5,6,9,10,13,21,22,24
3,5,6,9,14,21,22,24
4,5,6,9,14,17,21,22,24
4,5,6,9,15,16,21,22,24
3,5,6,8,9,21,22,24
0,5,7,9,19,21,24
3,5,6,9,12,21,22,24
3,5,6,9,13,20,21,22,24
4,5,6,9,10,16,21,22,24
4,5,6,9,10,17,21,22,24
4,5,6,9,10,15,21,22,24
5,7,8,9,10,12,17,21,22,24
5,8,9,11,14,16,21,22,24
5,6,7,9,19,21,24
5,6,7,9,12,16,17,21,22,24,27
5,6,7,9,16,17,20,21,22,24,27
3,6,9,18,19,21,24
5,8,9,11,15,16,17,21,22,24
3,6,9,18,21,22,24
5,8,9,12,15,16,17,21,22,24
5,8,9,12,14,16,21,22,24
5,8,9,12,13,17,21,22,24
5,7,8,9,10,16,17,21,22,24
5,8,9,12,13,16,21,22,24
5,8,9,11,13,16,21,22,24
3,6,9,10,18,21,24
0,3,5,6,9,20,21,22,24
5,7,8,9,10,14,21,22,24
5,8,9,14,19,21,24
5,8,9,15,19,21,24
4,5,6,8,9,16,21,22,24
5,9,10,11,12,16,17,21,22,24
5,7,9,11,12,14,17,21,22,24
5,7,9,13,18,21,24
5,7,9,10,19,21,24
5,7,9,10,11,12,13,21,22,24
5,9,10,14,19,21,24
5,9,10,15,19,21,24
5,9,10,17,19,21,24
5,7,9,10,12,13,21,22,24,27
5,7,9,12,14,16,21,22,24,27
5,7,9,12,15,16,17,21,22,24,27
5,7,9,12,13,17,21,22,24,27
5,7,9,12,13,16,21,22,24,27
5,7,9,12,14,17,21,22,23,24,27
5,8,9,17,19,21,24
5,7,9,10,11,12,14,21,22,24
5,7,9,10,11,12,17,21,22,24
5,7,8,9,10,13,21,22,24
5,7,9,11,12,15,17,21,22,24
5,7,9,14,18,21,24
5,7,9,19,21,23,24
5,9,11,12,13,16,21,22,24
5,9,13,16,18,21,24
5,9,18,19,21,24
5,9,17,18,21,24
5,9,17,19,21,23,24
5,9,12,14,18,21,24
5,9,12,13,18,21,24
5,9,14,16,18,21,24
5,9,16,19,21,24
5,9,14,19,21,23,24
5,9,11,12,13,17,21,22,24
5,9,11,19,21,24
5,9,11,13,18,21,24
5,9,13,19,21,24
5,9,11,14,18,21,24
2,5,9,21,24
3,4,9,18,21,24
5,9,15,19,21,23,24
5,7,9,10,12,17,21,22,24,27
5,9,11,12,14,16,21,22,24
5,9,11,12,15,16,17,21,22,24
3,9,16,18,21,24
3,9,13,18,21,24
3,8,9,18,21,24
3,5,9,11,17,21,22,24
3,5,9,10,14,21,22,24
3,5,7,9,11,21,22,23,24
3,5,7,9,20,21,22,23,24
3,5,7,9,13,20,21,22,24
3,5,9,11,13,21,22,24
3,5,7,9,14,21,22,24
3,9,12,18,21,24
3,5,8,9,11,21,22,24
3,5,7,9,17,20,21,22,24
3,5,9,11,14,21,22,24
3,5,9,11,16,21,22,24
3,5,7,8,9,21,22,24
3,5,9,10,17,20,21,22,24
3,5,8,9,12,21,22,24
3,5,9,13,17,20,21,22,24
3,5,9,10,13,20,21,22,24
3,5,9,14,16,21,22,24
3,5,9,12,21,22,23,24
3,9,11,18,21,24
3,5,9,12,16,21,22,24
3,5,8,9,16,21,22,24
3,5,8,9,10,21,22,24
3,5,9,12,14,21,22,24
3,5,9,12,17,21,22,24
3,5,9,14,21,22,23,24
0,3,5,6,9,17,21,22,24
3,5,9,12,13,21,22,24
3,5,9,14,17,21,22,24
3,5,9,13,20,21,22,23,24
3,5,8,9,17,21,22,24
3,5,8,9,21,22,23,24
3,5,9,16,20,21,22,24
3,5,9,19,21,24
0,5,6,9,13,17,21,22,24,27
3,5,9,18,21,24
0,5,6,9,14,16,21,22,24
5,6,8,9,10,12,14,21,22,24
5,6,8,9,10,13,21,22,24
4,5,9,10,11,21,22,24
4,5,9,10,12,17,21,22,24
4,5,9,10,12,13,21,22,24
4,5,9,10,12,16,21,22,24
5,6,8,9,10,17,21,22,24
4,5,9,11,16,21,22,24
4,5,9,12,14,16,21,22,24
4,5,9,12,15,16,21,22,24
2,9,18,21,24
4,5,9,12,13,16,21,22,24
4,5,9,12,18,21,24
4,5,8,9,12,16,21,22,24
4,5,9,16,18,21,24
4,5,9,11,17,21,22,24
4,5,9,10,12,15,21,22,24
4,5,9,19,21,24
4,5,9,10,12,14,21,22,24
4,5,9,12,14,17,21,22,24
0,5,6,9,13,16,21,22,24
4,5,9,12,13,17,21,22,24
3,7,9,18,21,24
0,5,6,9,15,16,17,21,22,24
4,5,7,9,13,17,21,22,24
4,5,7,9,10,21,22,24
5,6,8,9,13,16,21,22,24
4,5,7,9,16,21,22,24
5,6,8,9,14,16,21,22,24
5,6,9,11,13,16,21,22,24
5,6,9,11,14,16,21,22,24
5,6,9,10,11,14,21,22,24
5,6,9,10,12,17,21,22,24,27
5,6,9,10,11,13,21,22,24
5,6,9,11,17,21,22,24
5,6,8,9,13,17,21,22,24
5,6,9,10,17,20,21,22,24,27
4,5,7,9,14,17,21,22,24
4,5,7,9,18,21,24
5,6,8,9,14,17,21,22,24
5,6,8,9,16,17,21,22,24
0,3,5,9,13,21,22,24
5,6,9,13,17,20,21,22,24,27
0,3,5,9,16,21,22,24
5,6,9,12,13,17,21,22,24,27
0,3,5,9,10,20,21,22,24
5,6,9,12,13,16,21,22,24,27
5,6,9,13,16,20,21,22,24,27
5,6,9,15,16,17,20,21,22,24,27
5,6,9,14,18,21,24
0,3,5,9,10,17,21,22,24
5,6,9,14,16,21,22,24,27
5,6,9,14,19,21,24
0,3,5,9,14,21,22,24
5,6,9,12,15,16,17,21,22,24,27
5,6,9,15,19,21,24
5,6,9,14,17,21,22,24,27
5,6,9,17,19,21,24
0,3,5,9,12,21,22,24
5,6,9,13,18,21,24
3,4,5,9,21,22,24
4,9,16,17,18,21,24
4,7,9,17,18,21,24
4,9,15,16,18,21,24
4,9,12,17,18,21,24
4,9,18,19,21,24
4,9,12,18,21,22,24
4,9,14,16,18,21,24
4,9,13,17,18,21,24
4,7,9,16,18,21,24
4,9,12,18,21,24,27
4,9,14,17,18,21,24
4,7,9,14,18,21,24
4,8,9,12,18,21,24
4,9,16,18,21,22,24
4,9,11,18,21,24
4,9,12,14,18,21,24
4,7,9,10,18,21,24
4,7,9,12,18,21,24
4,9,16,18,21,24,27
4,6,9,18,21,24
4,8,9,16,18,21,24
4,9,12,15,18,21,24
4,7,9,13,18,21,24
4,9,10,17,18,21,24
